tenant	symbol	total_rows	first_ts_micros	last_ts_micros
alpha	AAPL	4	1704103200000000	1704103203000000
alpha	MSFT	2	1704103201000000	1704103204000000
beta	GOOG	2	1704103203000000	1704103205000000
