tenant	symbol	rows	total_px
alpha	AAPL	2	201.25
alpha	MSFT	1	99.5
